// Jest Snapshot v1, https://goo.gl/fbAQLP

exports[`The Debounce Text Field renders 1`] = `
<DebounceTextField
  addOnAfter={
    <div
      id="after_addon"
    >
      after
    </div>
  }
  addOnBefore={
    <div
      id="before_addon"
    >
      before
    </div>
  }
  delay={100}
  helpText="The help Text"
  input={
    Object {
      "name": "fieldName",
      "onChange": [Function],
    }
  }
  label="Text Test"
  meta={
    Object {
      "form": "formName",
      "pristine": false,
    }
  }
>
  <FormGroup
    bsClass="form-group"
    controlId="fieldName"
  >
    <div
      className="form-group"
    >
      <Component
        label="Text Test"
      >
        <ControlLabel
          bsClass="control-label"
          srOnly={false}
        >
          <label
            className="control-label"
            htmlFor="fieldName"
          >
            Text Test
          </label>
        </ControlLabel>
      </Component>
      <InputGroup
        bsClass="input-group"
        style={Object {}}
      >
        <span
          className="input-group"
          style={Object {}}
        >
          <div
            id="before_addon"
          >
            before
          </div>
          <FormControl
            bsClass="form-control"
            componentClass="input"
            name="fieldName"
            onChange={[Function]}
            style={
              Object {
                "zIndex": "0",
              }
            }
          >
            <input
              className="form-control"
              id="fieldName"
              name="fieldName"
              onChange={[Function]}
              style={
                Object {
                  "zIndex": "0",
                }
              }
            />
          </FormControl>
          <div
            id="after_addon"
          >
            after
          </div>
        </span>
      </InputGroup>
      <HelpBlock
        bsClass="help-block"
      >
        <span
          className="help-block"
        >
          The help Text
        </span>
      </HelpBlock>
    </div>
  </FormGroup>
</DebounceTextField>
`;
