// Jest Snapshot v1, https://goo.gl/fbAQLP

exports[`The Redux Wrapper renders 1`] = `
<ReduxForm
  component="input"
  dispatch={[Function]}
  form="formname"
  name="name"
  type="text"
/>
`;

exports[`The Redux Wrapper renders a multi field component 1`] = `
<ReduxForm
  component={[Function]}
  dispatch={[Function]}
  form="foobar"
  names={
    Array [
      "firstName",
      "lastName",
    ]
  }
/>
`;
